M,20.120407781579843
F,22.617264786128636
M,26.559843266589116