[{"id":"111-111-1111:1111-111-1111","test":"111-111-1111:1111-111-1111","testArraydoc":{"_id":"id-F2E2C9021FEBCFB461E5B6D3AA","name":"*****"}},{"id":"111-111-1111:1111-111-1111","test":"111-111-1111:1111-111-1111","testArraydoc":{"_id":"id-F2E2C9021FEBCFB461E5B6D3AA","name":"*****"}}]
