{"rawResults":{"Column 15":[{"typeName":"URL","count":1}],"Column 16":[{"typeName":"NUMERIC","count":1}],"Column 13":[{"typeName":"RACE","count":1}],"Column 14":[{"typeName":"UNKNOWN","count":1}],"Column 11":[{"typeName":"NUMERIC","count":1}],"Column 12":[{"typeName":"IP_ADDRESS","count":1}],"Column 10":[{"typeName":"DEPENDENT","count":1}],"Column 17":[{"typeName":"NUMERIC","count":1},{"typeName":"ZIPCODE","count":1}],"Column 1":[{"typeName":"NAME","count":1}],"Column 0":[{"typeName":"EMAIL","count":1}],"Column 3":[{"typeName":"CONTINENT","count":1}],"Column 2":[{"typeName":"CITY","count":1}],"Column 5":[{"typeName":"ATC","count":1}],"Column 4":[{"typeName":"ADDRESS","count":1}],"Column 7":[{"typeName":"GENDER","count":1}],"Column 6":[{"typeName":"COUNTRY","count":1}],"Column 9":[{"typeName":"UNKNOWN","count":1}],"Column 8":[{"typeName":"MARITAL_STATUS","count":1}]},"bestTypes":{"Column 15":{"typeName":"URL","count":1},"Column 16":{"typeName":"NUMERIC","count":1},"Column 13":{"typeName":"RACE","count":1},"Column 14":{"typeName":"UNKNOWN","count":-1},"Column 11":{"typeName":"NUMERIC","count":1},"Column 12":{"typeName":"IP_ADDRESS","count":1},"Column 10":{"typeName":"DEPENDENT","count":1},"Column 17":{"typeName":"NUMERIC","count":1},"Column 1":{"typeName":"NAME","count":1},"Column 0":{"typeName":"EMAIL","count":1},"Column 3":{"typeName":"CONTINENT","count":1},"Column 2":{"typeName":"CITY","count":1},"Column 5":{"typeName":"ATC","count":1},"Column 4":{"typeName":"ADDRESS","count":1},"Column 7":{"typeName":"GENDER","count":1},"Column 6":{"typeName":"COUNTRY","count":1},"Column 9":{"typeName":"UNKNOWN","count":-1},"Column 8":{"typeName":"MARITAL_STATUS","count":1}},"recordCount":1}