{"rawResults":{"/zip":[{"typeName":"UNKNOWN","count":4}],"/numeric":[{"typeName":"UNKNOWN","count":4}],"/country":[{"typeName":"UNKNOWN","count":4}],"/yob":[{"typeName":"UNKNOWN","count":4}],"/continent":[{"typeName":"UNKNOWN","count":4}],"/race":[{"typeName":"UNKNOWN","count":4}],"/address":[{"typeName":"UNKNOWN","count":4}],"/street_type":[{"typeName":"UNKNOWN","count":4}],"/dependent":[{"typeName":"UNKNOWN","count":4}],"/name":[{"typeName":"UNKNOWN","count":4}],"/url":[{"typeName":"UNKNOWN","count":4}],"/atc":[{"typeName":"UNKNOWN","count":4}],"/marital":[{"typeName":"UNKNOWN","count":4}],"/gender":[{"typeName":"UNKNOWN","count":4}],"/email":[{"typeName":"EMAIL","count":4}],"/county":[{"typeName":"UNKNOWN","count":4}],"/city":[{"typeName":"UNKNOWN","count":4}],"/ip_address":[{"typeName":"UNKNOWN","count":4}]},"bestTypes":{"/zip":{"typeName":"UNKNOWN","count":-1},"/numeric":{"typeName":"UNKNOWN","count":-1},"/country":{"typeName":"UNKNOWN","count":-1},"/yob":{"typeName":"UNKNOWN","count":-1},"/continent":{"typeName":"UNKNOWN","count":-1},"/race":{"typeName":"UNKNOWN","count":-1},"/address":{"typeName":"UNKNOWN","count":-1},"/street_type":{"typeName":"UNKNOWN","count":-1},"/dependent":{"typeName":"UNKNOWN","count":-1},"/name":{"typeName":"UNKNOWN","count":-1},"/url":{"typeName":"UNKNOWN","count":-1},"/atc":{"typeName":"UNKNOWN","count":-1},"/marital":{"typeName":"UNKNOWN","count":-1},"/gender":{"typeName":"UNKNOWN","count":-1},"/email":{"typeName":"EMAIL","count":4},"/county":{"typeName":"UNKNOWN","count":-1},"/city":{"typeName":"UNKNOWN","count":-1},"/ip_address":{"typeName":"UNKNOWN","count":-1}},"recordCount":4}