{"rawResults":{"/*/url":[{"typeName":"URL","count":1}],"/*/yob":[{"typeName":"NUMERIC","count":1}],"/*/street_type":[{"typeName":"UNKNOWN","count":1}],"/*/address":[{"typeName":"ADDRESS","count":1}],"/*/name":[{"typeName":"NAME","count":1}],"/*/country":[{"typeName":"COUNTRY","count":1}],"/*/atc":[{"typeName":"ATC","count":1}],"/*/numeric":[{"typeName":"NUMERIC","count":1}],"/*/city":[{"typeName":"CITY","count":1}],"/*/dependent":[{"typeName":"DEPENDENT","count":1}],"/*/marital":[{"typeName":"MARITAL_STATUS","count":1}],"/*/continent":[{"typeName":"CONTINENT","count":1}],"/*/zip":[{"typeName":"NUMERIC","count":1},{"typeName":"ZIPCODE","count":1}],"/*/ip_address":[{"typeName":"IP_ADDRESS","count":1}],"/*/county":[{"typeName":"UNKNOWN","count":1}],"/*/race":[{"typeName":"RACE","count":1}],"/*/gender":[{"typeName":"GENDER","count":1}],"/*/email":[{"typeName":"EMAIL","count":1}]},"bestTypes":{"/*/url":{"typeName":"URL","count":1},"/*/yob":{"typeName":"NUMERIC","count":1},"/*/street_type":{"typeName":"UNKNOWN","count":-1},"/*/address":{"typeName":"ADDRESS","count":1},"/*/name":{"typeName":"NAME","count":1},"/*/country":{"typeName":"COUNTRY","count":1},"/*/atc":{"typeName":"ATC","count":1},"/*/numeric":{"typeName":"NUMERIC","count":1},"/*/city":{"typeName":"CITY","count":1},"/*/dependent":{"typeName":"DEPENDENT","count":1},"/*/marital":{"typeName":"MARITAL_STATUS","count":1},"/*/continent":{"typeName":"CONTINENT","count":1},"/*/zip":{"typeName":"NUMERIC","count":1},"/*/ip_address":{"typeName":"IP_ADDRESS","count":1},"/*/county":{"typeName":"UNKNOWN","count":-1},"/*/race":{"typeName":"RACE","count":1},"/*/gender":{"typeName":"GENDER","count":1},"/*/email":{"typeName":"EMAIL","count":1}},"recordCount":1}