M,1022.000000,901.000000
F,1023.000000,902.000000
M,1027.000000,903.000000
