Gender,Email,Description,YearOfBirth
M,rmx@tyu.qel,"Account ID8D969E has email rmx@tyu.qel",1982
M,ugjecr@ipkdhi.eyv,"Account ID2DC026 has address ugjecr@ipkdhi.eyv",1981
F,cgofkbubt@iigihnvmm.ogj,"Account IDD7DA6C has email address cgofkbubt@iigihnvmm.ogj"," 1980"
M,rmx@tyu.qel,"Account ID8D969E has email address rmx@tyu.qel",1982
